error: empty doc comment
  --> $DIR/empty_docs.rs:14:5
   |
LL |     ///
   |     ^^^
   |
   = help: consider removing it or fill it in
   = note: `-D clippy::empty-docs` implied by `-D warnings`
   = help: to override `-D warnings` add `#[allow(clippy::empty_docs)]`

error: empty doc comment
  --> $DIR/empty_docs.rs:18:5
   |
LL | /     /**
LL | |      *
LL | |      */
   | |_______^
   |
   = help: consider removing it or fill it in

error: empty doc comment
  --> $DIR/empty_docs.rs:6:5
   |
LL |     //!
   |     ^^^
   |
   = help: consider removing it or fill it in

error: empty doc comment
  --> $DIR/empty_docs.rs:10:5
   |
LL |     //!!
   |     ^^^^
   |
   = help: consider removing it or fill it in

error: aborting due to 4 previous errors

